// Vitest Snapshot v1, https://vitest.dev/guide/snapshot.html

exports[`App component > renders App component 1`] = `
<div>
  <p>
    Loading...
  </p>
</div>
`;
