// Vitest Snapshot v1, https://vitest.dev/guide/snapshot.html

exports[`Shop item detail component > renders shop item detail dialog 1`] = `
<div>
  <dialog
    class="sc-FEMpB hjZXnf"
  >
    <div
      class="sc-gjcoXW hKdEaB"
    >
      <div
        class="sc-dVBluf hrHbBw"
      >
        <div
          class="sc-fLDLck lhfGYe"
        >
          <h2 />
          <h2>
            â‚¬
            0.00
          </h2>
        </div>
        <div />
      </div>
      <img
        alt=" "
        class="sc-dycHyt hSmkZk"
      />
      <p />
    </div>
  </dialog>
</div>
`;
