// Vitest Snapshot v1, https://vitest.dev/guide/snapshot.html

exports[`Shop item component > renders shop product item 1`] = `
<div>
  <div
    class="sc-jBIHhB loGoFA"
  >
    <img
      alt=" "
      class="sc-cMqPwU duECSg"
    />
    <div
      class="sc-jUkaYT bHrHaU"
    >
      <h3 />
      <div
        class="sc-jHswkR eqKxLb"
      >
        <div
          class="sc-deSjom hTmSZG"
        >
          <h3>
            €
            0.00
          </h3>
          <button
            class="sc-cSaEAk dpGhXn"
          >
            <svg
              role="presentation"
              style="width: 1.5rem; height: 1.5rem;"
              viewBox="0 0 24 24"
            >
              <path
                d="M15.5,14L20.5,19L19,20.5L14,15.5V14.71L13.73,14.43C12.59,15.41 11.11,16 9.5,16A6.5,6.5 0 0,1 3,9.5A6.5,6.5 0 0,1 9.5,3A6.5,6.5 0 0,1 16,9.5C16,11.11 15.41,12.59 14.43,13.73L14.71,14H15.5M9.5,14C12,14 14,12 14,9.5C14,7 12,5 9.5,5C7,5 5,7 5,9.5C5,12 7,14 9.5,14M12,10H10V12H9V10H7V9H9V7H10V9H12V10Z"
                style="fill: currentColor;"
              />
            </svg>
          </button>
          <dialog
            class="sc-FEMpB hjZXnf"
          >
            <div
              class="sc-gjcoXW hKdEaB"
            >
              <div
                class="sc-dVBluf hrHbBw"
              >
                <div
                  class="sc-fLDLck lhfGYe"
                >
                  <h2 />
                  <h2>
                    €
                    0.00
                  </h2>
                </div>
                <div>
                  <button
                    class="sc-cSaEAk dpGhXn"
                  >
                    <svg
                      role="presentation"
                      style="width: 2.25rem; height: 2.25rem;"
                      viewBox="0 0 24 24"
                    >
                      <path
                        d="M15.5,14H14.71L14.43,13.73C15.41,12.59 16,11.11 16,9.5A6.5,6.5 0 0,0 9.5,3A6.5,6.5 0 0,0 3,9.5A6.5,6.5 0 0,0 9.5,16C11.11,16 12.59,15.41 13.73,14.43L14,14.71V15.5L19,20.5L20.5,19L15.5,14M9.5,14C7,14 5,12 5,9.5C5,7 7,5 9.5,5C12,5 14,7 14,9.5C14,12 12,14 9.5,14M7,9H12V10H7V9Z"
                        style="fill: currentColor;"
                      />
                    </svg>
                  </button>
                </div>
              </div>
              <img
                alt=" "
                class="sc-dycHyt hSmkZk"
              />
              <p />
            </div>
          </dialog>
        </div>
        <form
          class="sc-jbAkgO knpBS"
        >
          <div>
            <button
              class="sc-gNZgCX iwZfDw"
              type="button"
            >
              -
            </button>
            <input
              class="sc-gNZgCX sc-hRDKVd iwZfDw eYnWSA"
              id="quantity"
              max="10"
              min="1"
              name="quantity"
              pattern="^\\d+$"
              type="text"
              value="1"
            />
            <button
              class="sc-gNZgCX iwZfDw"
              type="button"
            >
              +
            </button>
          </div>
          <button
            class="sc-kfeOyU cvoqkg"
            type="submit"
          >
            <svg
              role="presentation"
              style="width: 1.5rem; height: 1.5rem;"
              viewBox="0 0 24 24"
            >
              <path
                d="M20 15V18H23V20H20V23H18V20H15V18H18V15H20M12 13C10.9 13 10 13.9 10 15S10.9 17 12 17 14 16.1 14 15 13.1 13 12 13M13.35 21H5.5C4.58 21 3.81 20.38 3.58 19.54L1.04 10.27C1 10.18 1 10.09 1 10C1 9.45 1.45 9 2 9H6.79L11.17 2.45C11.36 2.16 11.68 2 12 2S12.64 2.16 12.83 2.44L17.21 9H22C22.55 9 23 9.45 23 10L22.97 10.27L22 13.81C21.43 13.5 20.79 13.24 20.12 13.11L20.7 11H3.31L5.5 19H13C13 19.7 13.13 20.37 13.35 21M9.2 9H14.8L12 4.8L9.2 9Z"
                style="fill: currentColor;"
              />
            </svg>
          </button>
        </form>
      </div>
    </div>
  </div>
</div>
`;
